// Jest Snapshot v1, https://goo.gl/fbAQLP

exports[`App unit test cases should render snapshot 1`] = `ShallowWrapper {}`;
